C:\Users\SANIKA\Downloads\JavaFX-Web-Browser-master\JavaFX-Web-Browser-master\src\main\java\com\goxr3plus\javafxwebbrowser\application\Main.java
C:\Users\SANIKA\Downloads\JavaFX-Web-Browser-master\JavaFX-Web-Browser-master\src\main\java\com\goxr3plus\javafxwebbrowser\browser\WebBrowserController.java
C:\Users\SANIKA\Downloads\JavaFX-Web-Browser-master\JavaFX-Web-Browser-master\src\main\java\com\goxr3plus\javafxwebbrowser\browser\WebBrowserTabContextMenu.java
C:\Users\SANIKA\Downloads\JavaFX-Web-Browser-master\JavaFX-Web-Browser-master\src\main\java\com\goxr3plus\javafxwebbrowser\tools\InfoTool.java
C:\Users\SANIKA\Downloads\JavaFX-Web-Browser-master\JavaFX-Web-Browser-master\src\main\java\com\goxr3plus\javafxwebbrowser\browser\AutoCompleteTextField.java
C:\Users\SANIKA\Downloads\JavaFX-Web-Browser-master\JavaFX-Web-Browser-master\src\main\java\com\goxr3plus\javafxwebbrowser\browser\WebBrowserTabController.java
C:\Users\SANIKA\Downloads\JavaFX-Web-Browser-master\JavaFX-Web-Browser-master\src\main\java\com\goxr3plus\javafxwebbrowser\marquee\Marquee.java
C:\Users\SANIKA\Downloads\JavaFX-Web-Browser-master\JavaFX-Web-Browser-master\src\main\java\com\goxr3plus\javafxwebbrowser\settings\SettingsWindow.java
